[INFO] Starting Food Pricing pipeline Mon 11/10/2025  6:15:01.45 
[INFO] R: "C:\Users\vlcollier\AppData\Local\Programs\R\R-4.4.1\bin\Rscript.exe" 
[INFO] Runner: "G:\.shortcut-targets-by-id\10hwxlrEnEox7VqS6tvo44Q8rX59qZcSg\Drones_MV\GITHUB\ISER\MJones\FOOD_SECURITY\FOOD_PRICING\DATA_PULL_SCRIPTS\Python_setup\central_food_pull.R" 
[INFO] Logs: "G:\.shortcut-targets-by-id\10hwxlrEnEox7VqS6tvo44Q8rX59qZcSg\Drones_MV\GITHUB\ISER\MJones\FOOD_SECURITY\FOOD_PRICING\DATA_PULL_SCRIPTS\Scraping_Logs" 
[DEBUG] WM wait=360m poll=120s 
 
Warning messages:
1: package 'reticulate' was built under R version 4.4.2 
2: package 'fs' was built under R version 4.4.2 
3: package 'glue' was built under R version 4.4.2 
python:         C:/Users/vlcollier/.venvs/FP_env/Scripts/python.exe
libpython:      C:/Users/vlcollier/AppData/Local/r-reticulate/r-reticulate/pyenv/pyenv-win/versions/3.12.7/python312.dll
pythonhome:     C:/Users/vlcollier/.venvs/FP_env
version:        3.12.7 (tags/v3.12.7:0b05ead, Oct  1 2024, 03:06:41) [MSC v.1941 64 bit (AMD64)]
Architecture:   64bit
numpy:          C:/Users/vlcollier/.venvs/FP_env/Lib/site-packages/numpy
numpy_version:  2.1.3

NOTE: Python version was forced by use_python() function
LOG_DIR (R) => G:/.shortcut-targets-by-id/10hwxlrEnEox7VqS6tvo44Q8rX59qZcSg/Drones_MV/GITHUB/ISER/MJones/FOOD_SECURITY/FOOD_PRICING/DATA_PULL_SCRIPTS/Scraping_Logs
FM log path => G:/.shortcut-targets-by-id/10hwxlrEnEox7VqS6tvo44Q8rX59qZcSg/Drones_MV/GITHUB/ISER/MJones/FOOD_SECURITY/FOOD_PRICING/DATA_PULL_SCRIPTS/Scraping_Logs/FM_20251110.log
Resolved scripts:
  ACC: G:/.shortcut-targets-by-id/10hwxlrEnEox7VqS6tvo44Q8rX59qZcSg/Drones_MV/GITHUB/ISER/MJones/FOOD_SECURITY/FOOD_PRICING/DATA_PULL_SCRIPTS/ACC/ACC_PULL36.py
  CS : G:/.shortcut-targets-by-id/10hwxlrEnEox7VqS6tvo44Q8rX59qZcSg/Drones_MV/GITHUB/ISER/MJones/FOOD_SECURITY/FOOD_PRICING/DATA_PULL_SCRIPTS/CS/BrightData/Carrs8-BrightData.py
  FM : G:/.shortcut-targets-by-id/10hwxlrEnEox7VqS6tvo44Q8rX59qZcSg/Drones_MV/GITHUB/ISER/MJones/FOOD_SECURITY/FOOD_PRICING/DATA_PULL_SCRIPTS/FM/FM9_vc.py
  WM : G:/.shortcut-targets-by-id/10hwxlrEnEox7VqS6tvo44Q8rX59qZcSg/Drones_MV/GITHUB/ISER/MJones/FOOD_SECURITY/FOOD_PRICING/DATA_PULL_SCRIPTS/WM/Bright_Data/Scripts/Walmart_Snapshot_only5.py
WM env: BRIGHTDATA_API_KEY=fb96b4…
  |                                                                              |                                                                      |   0%
──── Food Pull: 1 job(s) ─────────────────
(1/1) WM — starting
[2025-11-10 06:15:03] START:   G:/.shortcut-targets-by-id/10hwxlrEnEox7VqS6tvo44Q8rX59qZcSg/Drones_MV/GITHUB/ISER/MJones/FOOD_SECURITY/FOOD_PRICING/DATA_PULL_SCRIPTS/WM/Bright_Data/Scripts/Walmart_Snapshot_only5.py
[ERROR] Snapshot not available as CSV/JSON. Check ID or try later.
[2025-11-10 06:15:08] ERROR:  SystemExit: 2
Run `reticulate::py_last_error()` for details.
[2025-11-10 06:15:08]   py$type:   SystemExit
[2025-11-10 06:15:08]   py$value:  2
See log for full Python traceback: G:/.shortcut-targets-by-id/10hwxlrEnEox7VqS6tvo44Q8rX59qZcSg/Drones_MV/GITHUB/ISER/MJones/FOOD_SECURITY/FOOD_PRICING/DATA_PULL_SCRIPTS/Scraping_Logs/WM_20251110.log
   ✖ WM — 4.9s
  |                                                                              |======================================================================| 100%
Error: 
One or more pulls failed. Check logs in: G:/.shortcut-targets-by-id/10hwxlrEnEox7VqS6tvo44Q8rX59qZcSg/Drones_MV/GITHUB/ISER/MJones/FOOD_SECURITY/FOOD_PRICING/DATA_PULL_SCRIPTS/Scraping_Logs
Execution halted
 
[SUMMARY] Walmart run: TIMEOUT/FAIL RC=1  (wait=360m, poll=120s) 
[HINT] Consider raising BRIGHTDATA_MAX_WAIT_MIN or set BRIGHTDATA_SNAPSHOT_ID to a ready snapshot. 
[INFO] Finished with exit code 1 at Mon 11/10/2025  6:15:08.23 
