
Warning messages:
1: package 'reticulate' was built under R version 4.4.2 
2: package 'fs' was built under R version 4.4.2 
3: package 'glue' was built under R version 4.4.2 
python:         C:/Users/vlcollier/.venvs/FP_env/Scripts/python.exe
libpython:      C:/Users/vlcollier/AppData/Local/r-reticulate/r-reticulate/pyenv/pyenv-win/versions/3.12.7/python312.dll
pythonhome:     C:/Users/vlcollier/.venvs/FP_env
version:        3.12.7 (tags/v3.12.7:0b05ead, Oct  1 2024, 03:06:41) [MSC v.1941 64 bit (AMD64)]
Architecture:   64bit
numpy:          C:/Users/vlcollier/.venvs/FP_env/Lib/site-packages/numpy
numpy_version:  2.1.3

NOTE: Python version was forced by use_python() function
LOG_DIR (R) => G:/.shortcut-targets-by-id/10hwxlrEnEox7VqS6tvo44Q8rX59qZcSg/Drones_MV/GITHUB/ISER/MJones/FOOD_SECURITY/FOOD_PRICING/DATA_PULL_SCRIPTS/Scraping_Logs
FM log path => G:/.shortcut-targets-by-id/10hwxlrEnEox7VqS6tvo44Q8rX59qZcSg/Drones_MV/GITHUB/ISER/MJones/FOOD_SECURITY/FOOD_PRICING/DATA_PULL_SCRIPTS/Scraping_Logs/FM_20251027.log
Resolved scripts:
  ACC: G:/.shortcut-targets-by-id/10hwxlrEnEox7VqS6tvo44Q8rX59qZcSg/Drones_MV/GITHUB/ISER/MJones/FOOD_SECURITY/FOOD_PRICING/DATA_PULL_SCRIPTS/ACC/ACC_PULL36.py
  CS : NA
  FM : G:/.shortcut-targets-by-id/10hwxlrEnEox7VqS6tvo44Q8rX59qZcSg/Drones_MV/GITHUB/ISER/MJones/FOOD_SECURITY/FOOD_PRICING/DATA_PULL_SCRIPTS/FM/FM8_vc.py
  WM : G:/.shortcut-targets-by-id/10hwxlrEnEox7VqS6tvo44Q8rX59qZcSg/Drones_MV/GITHUB/ISER/MJones/FOOD_SECURITY/FOOD_PRICING/DATA_PULL_SCRIPTS/WM/Bright_Data/Scripts/Walmart_Bright_Data8.py
  |                                                                              |                                                                      |   0%
──── Food Pull: 2 job(s) ─────────────────
(1/2) FM — starting
[2025-10-27 06:15:03] START:   G:/.shortcut-targets-by-id/10hwxlrEnEox7VqS6tvo44Q8rX59qZcSg/Drones_MV/GITHUB/ISER/MJones/FOOD_SECURITY/FOOD_PRICING/DATA_PULL_SCRIPTS/FM/FM8_vc.py
Results saved to G:/.shortcut-targets-by-id/13TRPt8_RZFrfmQt9TVmdpJNyl7kRtluH/Data_Scraping/FredMeyer/FM_2025_10\FM_2025_10.json
[2025-10-27 06:40:53] SUCCESS.
   ✔ FM — 25m 50s
  |                                                                              |===================================                                   |  50%(2/2) WM — starting
[2025-10-27 06:40:53] START:   G:/.shortcut-targets-by-id/10hwxlrEnEox7VqS6tvo44Q8rX59qZcSg/Drones_MV/GITHUB/ISER/MJones/FOOD_SECURITY/FOOD_PRICING/DATA_PULL_SCRIPTS/WM/Bright_Data/Scripts/Walmart_Bright_Data8.py
[OK] Triggered snapshot_id: s_mh98wecu274rd140sv
[Info] Saved snapshot id → G:\.shortcut-targets-by-id\10hwxlrEnEox7VqS6tvo44Q8rX59qZcSg\Drones_MV\GITHUB\ISER\MJones\FOOD_SECURITY\FOOD_PRICING\DATA_PULL_SCRIPTS\Python_setup\last_snapshot.txt
[Poll 1] status_code=202 status=running msg=Snapshot is not ready yet, try again in 30s
[Poll 2] status_code=202 status=running msg=Snapshot is not ready yet, try again in 30s
[Poll 3] status_code=202 status=running msg=Snapshot is not ready yet, try again in 30s
[Poll 4] status_code=202 status=running msg=Snapshot is not ready yet, try again in 30s
[Poll 5] status_code=202 status=running msg=Snapshot is not ready yet, try again in 30s
[Poll 6] status_code=202 status=running msg=Snapshot is not ready yet, try again in 30s
[Poll 7] status_code=202 status=running msg=Snapshot is not ready yet, try again in 30s
[Poll 8] status_code=202 status=running msg=Snapshot is not ready yet, try again in 30s
[Poll 9] status_code=202 status=running msg=Snapshot is not ready yet, try again in 30s
[Poll 10] status_code=202 status=running msg=Snapshot is not ready yet, try again in 30s
[Poll 11] status_code=202 status=running msg=Snapshot is not ready yet, try again in 30s
[Poll 12] status_code=202 status=running msg=Snapshot is not ready yet, try again in 30s
[Poll 13] status_code=202 status=running msg=Snapshot is not ready yet, try again in 30s
[Poll 14] status_code=202 status=running msg=Snapshot is not ready yet, try again in 30s
[Poll 15] status_code=202 status=running msg=Snapshot is not ready yet, try again in 30s
[Poll 16] status_code=202 status=running msg=Snapshot is not ready yet, try again in 30s
[Poll 17] status_code=200 status= msg={"url":"https://www.walmart.com/ip/2-pack-Enfamil-ProSobee-Plant-Based-Powder-Baby-Formula-Dairy-Free-Lactose-Free-20-9-oz-Can/13361900211?classType=REGULAR","final_price":77.76,"sku":"13361900211","currency":"USD","gtin":"468916500746","specifications":[{"name":"Age Group","value":"Infant"},{"name"
[Poll 18] status_code=200 status= msg={"url":"https://www.walmart.com/ip/2-pack-Enfamil-ProSobee-Plant-Based-Powder-Baby-Formula-Dairy-Free-Lactose-Free-20-9-oz-Can/13361900211?classType=REGULAR","final_price":77.76,"sku":"13361900211","currency":"USD","gtin":"468916500746","specifications":[{"name":"Age Group","value":"Infant"},{"name"
[Poll 19] status_code=200 status= msg={"url":"https://www.walmart.com/ip/2-pack-Enfamil-ProSobee-Plant-Based-Powder-Baby-Formula-Dairy-Free-Lactose-Free-20-9-oz-Can/13361900211?classType=REGULAR","final_price":77.76,"sku":"13361900211","currency":"USD","gtin":"468916500746","specifications":[{"name":"Age Group","value":"Infant"},{"name"
[Poll 20] status_code=200 status= msg={"url":"https://www.walmart.com/ip/2-pack-Enfamil-ProSobee-Plant-Based-Powder-Baby-Formula-Dairy-Free-Lactose-Free-20-9-oz-Can/13361900211?classType=REGULAR","final_price":77.76,"sku":"13361900211","currency":"USD","gtin":"468916500746","specifications":[{"name":"Age Group","value":"Infant"},{"name"
[Poll 21] status_code=200 status= msg={"url":"https://www.walmart.com/ip/2-pack-Enfamil-ProSobee-Plant-Based-Powder-Baby-Formula-Dairy-Free-Lactose-Free-20-9-oz-Can/13361900211?classType=REGULAR","final_price":77.76,"sku":"13361900211","currency":"USD","gtin":"468916500746","specifications":[{"name":"Age Group","value":"Infant"},{"name"
[Poll 22] status_code=200 status= msg={"url":"https://www.walmart.com/ip/2-pack-Enfamil-ProSobee-Plant-Based-Powder-Baby-Formula-Dairy-Free-Lactose-Free-20-9-oz-Can/13361900211?classType=REGULAR","final_price":77.76,"sku":"13361900211","currency":"USD","gtin":"468916500746","specifications":[{"name":"Age Group","value":"Infant"},{"name"
[Poll 23] status_code=200 status= msg={"url":"https://www.walmart.com/ip/2-pack-Enfamil-ProSobee-Plant-Based-Powder-Baby-Formula-Dairy-Free-Lactose-Free-20-9-oz-Can/13361900211?classType=REGULAR","final_price":77.76,"sku":"13361900211","currency":"USD","gtin":"468916500746","specifications":[{"name":"Age Group","value":"Infant"},{"name"
[Poll 24] status_code=200 status= msg={"url":"https://www.walmart.com/ip/2-pack-Enfamil-ProSobee-Plant-Based-Powder-Baby-Formula-Dairy-Free-Lactose-Free-20-9-oz-Can/13361900211?classType=REGULAR","final_price":77.76,"sku":"13361900211","currency":"USD","gtin":"468916500746","specifications":[{"name":"Age Group","value":"Infant"},{"name"
[Poll 25] status_code=200 status= msg={"url":"https://www.walmart.com/ip/2-pack-Enfamil-ProSobee-Plant-Based-Powder-Baby-Formula-Dairy-Free-Lactose-Free-20-9-oz-Can/13361900211?classType=REGULAR","final_price":77.76,"sku":"13361900211","currency":"USD","gtin":"468916500746","specifications":[{"name":"Age Group","value":"Infant"},{"name"
[Poll 26] status_code=200 status= msg={"url":"https://www.walmart.com/ip/2-pack-Enfamil-ProSobee-Plant-Based-Powder-Baby-Formula-Dairy-Free-Lactose-Free-20-9-oz-Can/13361900211?classType=REGULAR","final_price":77.76,"sku":"13361900211","currency":"USD","gtin":"468916500746","specifications":[{"name":"Age Group","value":"Infant"},{"name"
[Poll 27] status_code=200 status= msg={"url":"https://www.walmart.com/ip/2-pack-Enfamil-ProSobee-Plant-Based-Powder-Baby-Formula-Dairy-Free-Lactose-Free-20-9-oz-Can/13361900211?classType=REGULAR","final_price":77.76,"sku":"13361900211","currency":"USD","gtin":"468916500746","specifications":[{"name":"Age Group","value":"Infant"},{"name"
[Poll 28] status_code=200 status= msg={"url":"https://www.walmart.com/ip/2-pack-Enfamil-ProSobee-Plant-Based-Powder-Baby-Formula-Dairy-Free-Lactose-Free-20-9-oz-Can/13361900211?classType=REGULAR","final_price":77.76,"sku":"13361900211","currency":"USD","gtin":"468916500746","specifications":[{"name":"Age Group","value":"Infant"},{"name"
[Poll 29] status_code=200 status= msg={"url":"https://www.walmart.com/ip/2-pack-Enfamil-ProSobee-Plant-Based-Powder-Baby-Formula-Dairy-Free-Lactose-Free-20-9-oz-Can/13361900211?classType=REGULAR","final_price":77.76,"sku":"13361900211","currency":"USD","gtin":"468916500746","specifications":[{"name":"Age Group","value":"Infant"},{"name"
[Poll 30] status_code=200 status= msg={"url":"https://www.walmart.com/ip/2-pack-Enfamil-ProSobee-Plant-Based-Powder-Baby-Formula-Dairy-Free-Lactose-Free-20-9-oz-Can/13361900211?classType=REGULAR","final_price":77.76,"sku":"13361900211","currency":"USD","gtin":"468916500746","specifications":[{"name":"Age Group","value":"Infant"},{"name"
[Poll 31] status_code=200 status= msg={"url":"https://www.walmart.com/ip/2-pack-Enfamil-ProSobee-Plant-Based-Powder-Baby-Formula-Dairy-Free-Lactose-Free-20-9-oz-Can/13361900211?classType=REGULAR","final_price":77.76,"sku":"13361900211","currency":"USD","gtin":"468916500746","specifications":[{"name":"Age Group","value":"Infant"},{"name"
[Poll 32] status_code=200 status= msg={"url":"https://www.walmart.com/ip/2-pack-Enfamil-ProSobee-Plant-Based-Powder-Baby-Formula-Dairy-Free-Lactose-Free-20-9-oz-Can/13361900211?classType=REGULAR","final_price":77.76,"sku":"13361900211","currency":"USD","gtin":"468916500746","specifications":[{"name":"Age Group","value":"Infant"},{"name"
[Poll 33] status_code=200 status= msg={"url":"https://www.walmart.com/ip/2-pack-Enfamil-ProSobee-Plant-Based-Powder-Baby-Formula-Dairy-Free-Lactose-Free-20-9-oz-Can/13361900211?classType=REGULAR","final_price":77.76,"sku":"13361900211","currency":"USD","gtin":"468916500746","specifications":[{"name":"Age Group","value":"Infant"},{"name"
[Poll 34] status_code=200 status= msg={"url":"https://www.walmart.com/ip/2-pack-Enfamil-ProSobee-Plant-Based-Powder-Baby-Formula-Dairy-Free-Lactose-Free-20-9-oz-Can/13361900211?classType=REGULAR","final_price":77.76,"sku":"13361900211","currency":"USD","gtin":"468916500746","specifications":[{"name":"Age Group","value":"Infant"},{"name"
[Poll 35] status_code=200 status= msg={"url":"https://www.walmart.com/ip/2-pack-Enfamil-ProSobee-Plant-Based-Powder-Baby-Formula-Dairy-Free-Lactose-Free-20-9-oz-Can/13361900211?classType=REGULAR","final_price":77.76,"sku":"13361900211","currency":"USD","gtin":"468916500746","specifications":[{"name":"Age Group","value":"Infant"},{"name"
[Poll 36] status_code=200 status= msg={"url":"https://www.walmart.com/ip/2-pack-Enfamil-ProSobee-Plant-Based-Powder-Baby-Formula-Dairy-Free-Lactose-Free-20-9-oz-Can/13361900211?classType=REGULAR","final_price":77.76,"sku":"13361900211","currency":"USD","gtin":"468916500746","specifications":[{"name":"Age Group","value":"Infant"},{"name"
[Poll 37] status_code=200 status= msg={"url":"https://www.walmart.com/ip/2-pack-Enfamil-ProSobee-Plant-Based-Powder-Baby-Formula-Dairy-Free-Lactose-Free-20-9-oz-Can/13361900211?classType=REGULAR","final_price":77.76,"sku":"13361900211","currency":"USD","gtin":"468916500746","specifications":[{"name":"Age Group","value":"Infant"},{"name"
[Poll 38] status_code=200 status= msg={"url":"https://www.walmart.com/ip/2-pack-Enfamil-ProSobee-Plant-Based-Powder-Baby-Formula-Dairy-Free-Lactose-Free-20-9-oz-Can/13361900211?classType=REGULAR","final_price":77.76,"sku":"13361900211","currency":"USD","gtin":"468916500746","specifications":[{"name":"Age Group","value":"Infant"},{"name"
[Poll 39] status_code=200 status= msg={"url":"https://www.walmart.com/ip/2-pack-Enfamil-ProSobee-Plant-Based-Powder-Baby-Formula-Dairy-Free-Lactose-Free-20-9-oz-Can/13361900211?classType=REGULAR","final_price":77.76,"sku":"13361900211","currency":"USD","gtin":"468916500746","specifications":[{"name":"Age Group","value":"Infant"},{"name"
[Poll 40] status_code=200 status= msg={"url":"https://www.walmart.com/ip/2-pack-Enfamil-ProSobee-Plant-Based-Powder-Baby-Formula-Dairy-Free-Lactose-Free-20-9-oz-Can/13361900211?classType=REGULAR","final_price":77.76,"sku":"13361900211","currency":"USD","gtin":"468916500746","specifications":[{"name":"Age Group","value":"Infant"},{"name"
[Poll 41] status_code=200 status= msg={"url":"https://www.walmart.com/ip/2-pack-Enfamil-ProSobee-Plant-Based-Powder-Baby-Formula-Dairy-Free-Lactose-Free-20-9-oz-Can/13361900211?classType=REGULAR","final_price":77.76,"sku":"13361900211","currency":"USD","gtin":"468916500746","specifications":[{"name":"Age Group","value":"Infant"},{"name"
[Poll 42] status_code=200 status= msg={"url":"https://www.walmart.com/ip/2-pack-Enfamil-ProSobee-Plant-Based-Powder-Baby-Formula-Dairy-Free-Lactose-Free-20-9-oz-Can/13361900211?classType=REGULAR","final_price":77.76,"sku":"13361900211","currency":"USD","gtin":"468916500746","specifications":[{"name":"Age Group","value":"Infant"},{"name"
[Poll 43] status_code=200 status= msg={"url":"https://www.walmart.com/ip/2-pack-Enfamil-ProSobee-Plant-Based-Powder-Baby-Formula-Dairy-Free-Lactose-Free-20-9-oz-Can/13361900211?classType=REGULAR","final_price":77.76,"sku":"13361900211","currency":"USD","gtin":"468916500746","specifications":[{"name":"Age Group","value":"Infant"},{"name"
[Poll 44] status_code=200 status= msg={"url":"https://www.walmart.com/ip/2-pack-Enfamil-ProSobee-Plant-Based-Powder-Baby-Formula-Dairy-Free-Lactose-Free-20-9-oz-Can/13361900211?classType=REGULAR","final_price":77.76,"sku":"13361900211","currency":"USD","gtin":"468916500746","specifications":[{"name":"Age Group","value":"Infant"},{"name"
[Poll 45] status_code=200 status= msg={"url":"https://www.walmart.com/ip/2-pack-Enfamil-ProSobee-Plant-Based-Powder-Baby-Formula-Dairy-Free-Lactose-Free-20-9-oz-Can/13361900211?classType=REGULAR","final_price":77.76,"sku":"13361900211","currency":"USD","gtin":"468916500746","specifications":[{"name":"Age Group","value":"Infant"},{"name"
[Poll 46] status_code=200 status= msg={"url":"https://www.walmart.com/ip/2-pack-Enfamil-ProSobee-Plant-Based-Powder-Baby-Formula-Dairy-Free-Lactose-Free-20-9-oz-Can/13361900211?classType=REGULAR","final_price":77.76,"sku":"13361900211","currency":"USD","gtin":"468916500746","specifications":[{"name":"Age Group","value":"Infant"},{"name"
[Poll 47] status_code=200 status= msg={"url":"https://www.walmart.com/ip/2-pack-Enfamil-ProSobee-Plant-Based-Powder-Baby-Formula-Dairy-Free-Lactose-Free-20-9-oz-Can/13361900211?classType=REGULAR","final_price":77.76,"sku":"13361900211","currency":"USD","gtin":"468916500746","specifications":[{"name":"Age Group","value":"Infant"},{"name"
[Poll 48] status_code=200 status= msg={"url":"https://www.walmart.com/ip/2-pack-Enfamil-ProSobee-Plant-Based-Powder-Baby-Formula-Dairy-Free-Lactose-Free-20-9-oz-Can/13361900211?classType=REGULAR","final_price":77.76,"sku":"13361900211","currency":"USD","gtin":"468916500746","specifications":[{"name":"Age Group","value":"Infant"},{"name"
[Poll 49] status_code=200 status= msg={"url":"https://www.walmart.com/ip/2-pack-Enfamil-ProSobee-Plant-Based-Powder-Baby-Formula-Dairy-Free-Lactose-Free-20-9-oz-Can/13361900211?classType=REGULAR","final_price":77.76,"sku":"13361900211","currency":"USD","gtin":"468916500746","specifications":[{"name":"Age Group","value":"Infant"},{"name"
[Poll 50] status_code=200 status= msg={"url":"https://www.walmart.com/ip/2-pack-Enfamil-ProSobee-Plant-Based-Powder-Baby-Formula-Dairy-Free-Lactose-Free-20-9-oz-Can/13361900211?classType=REGULAR","final_price":77.76,"sku":"13361900211","currency":"USD","gtin":"468916500746","specifications":[{"name":"Age Group","value":"Infant"},{"name"
[Poll 51] status_code=200 status= msg={"url":"https://www.walmart.com/ip/2-pack-Enfamil-ProSobee-Plant-Based-Powder-Baby-Formula-Dairy-Free-Lactose-Free-20-9-oz-Can/13361900211?classType=REGULAR","final_price":77.76,"sku":"13361900211","currency":"USD","gtin":"468916500746","specifications":[{"name":"Age Group","value":"Infant"},{"name"
[Poll 52] status_code=200 status= msg={"url":"https://www.walmart.com/ip/2-pack-Enfamil-ProSobee-Plant-Based-Powder-Baby-Formula-Dairy-Free-Lactose-Free-20-9-oz-Can/13361900211?classType=REGULAR","final_price":77.76,"sku":"13361900211","currency":"USD","gtin":"468916500746","specifications":[{"name":"Age Group","value":"Infant"},{"name"
[Poll 53] status_code=200 status= msg={"url":"https://www.walmart.com/ip/2-pack-Enfamil-ProSobee-Plant-Based-Powder-Baby-Formula-Dairy-Free-Lactose-Free-20-9-oz-Can/13361900211?classType=REGULAR","final_price":77.76,"sku":"13361900211","currency":"USD","gtin":"468916500746","specifications":[{"name":"Age Group","value":"Infant"},{"name"
[Poll 54] status_code=200 status= msg={"url":"https://www.walmart.com/ip/2-pack-Enfamil-ProSobee-Plant-Based-Powder-Baby-Formula-Dairy-Free-Lactose-Free-20-9-oz-Can/13361900211?classType=REGULAR","final_price":77.76,"sku":"13361900211","currency":"USD","gtin":"468916500746","specifications":[{"name":"Age Group","value":"Infant"},{"name"
[Poll 55] status_code=200 status= msg={"url":"https://www.walmart.com/ip/2-pack-Enfamil-ProSobee-Plant-Based-Powder-Baby-Formula-Dairy-Free-Lactose-Free-20-9-oz-Can/13361900211?classType=REGULAR","final_price":77.76,"sku":"13361900211","currency":"USD","gtin":"468916500746","specifications":[{"name":"Age Group","value":"Infant"},{"name"
[Poll 56] status_code=200 status= msg={"url":"https://www.walmart.com/ip/2-pack-Enfamil-ProSobee-Plant-Based-Powder-Baby-Formula-Dairy-Free-Lactose-Free-20-9-oz-Can/13361900211?classType=REGULAR","final_price":77.76,"sku":"13361900211","currency":"USD","gtin":"468916500746","specifications":[{"name":"Age Group","value":"Infant"},{"name"
[Poll 57] status_code=200 status= msg={"url":"https://www.walmart.com/ip/2-pack-Enfamil-ProSobee-Plant-Based-Powder-Baby-Formula-Dairy-Free-Lactose-Free-20-9-oz-Can/13361900211?classType=REGULAR","final_price":77.76,"sku":"13361900211","currency":"USD","gtin":"468916500746","specifications":[{"name":"Age Group","value":"Infant"},{"name"
[Poll 58] status_code=200 status= msg={"url":"https://www.walmart.com/ip/2-pack-Enfamil-ProSobee-Plant-Based-Powder-Baby-Formula-Dairy-Free-Lactose-Free-20-9-oz-Can/13361900211?classType=REGULAR","final_price":77.76,"sku":"13361900211","currency":"USD","gtin":"468916500746","specifications":[{"name":"Age Group","value":"Infant"},{"name"
[Poll 59] status_code=200 status= msg={"url":"https://www.walmart.com/ip/2-pack-Enfamil-ProSobee-Plant-Based-Powder-Baby-Formula-Dairy-Free-Lactose-Free-20-9-oz-Can/13361900211?classType=REGULAR","final_price":77.76,"sku":"13361900211","currency":"USD","gtin":"468916500746","specifications":[{"name":"Age Group","value":"Infant"},{"name"
[Poll 60] status_code=200 status= msg={"url":"https://www.walmart.com/ip/2-pack-Enfamil-ProSobee-Plant-Based-Powder-Baby-Formula-Dairy-Free-Lactose-Free-20-9-oz-Can/13361900211?classType=REGULAR","final_price":77.76,"sku":"13361900211","currency":"USD","gtin":"468916500746","specifications":[{"name":"Age Group","value":"Infant"},{"name"
[Poll 61] status_code=200 status= msg={"url":"https://www.walmart.com/ip/2-pack-Enfamil-ProSobee-Plant-Based-Powder-Baby-Formula-Dairy-Free-Lactose-Free-20-9-oz-Can/13361900211?classType=REGULAR","final_price":77.76,"sku":"13361900211","currency":"USD","gtin":"468916500746","specifications":[{"name":"Age Group","value":"Infant"},{"name"
[Poll 62] status_code=200 status= msg={"url":"https://www.walmart.com/ip/2-pack-Enfamil-ProSobee-Plant-Based-Powder-Baby-Formula-Dairy-Free-Lactose-Free-20-9-oz-Can/13361900211?classType=REGULAR","final_price":77.76,"sku":"13361900211","currency":"USD","gtin":"468916500746","specifications":[{"name":"Age Group","value":"Infant"},{"name"
[Poll 63] status_code=200 status= msg={"url":"https://www.walmart.com/ip/2-pack-Enfamil-ProSobee-Plant-Based-Powder-Baby-Formula-Dairy-Free-Lactose-Free-20-9-oz-Can/13361900211?classType=REGULAR","final_price":77.76,"sku":"13361900211","currency":"USD","gtin":"468916500746","specifications":[{"name":"Age Group","value":"Infant"},{"name"
[Poll 64] status_code=200 status= msg={"url":"https://www.walmart.com/ip/2-pack-Enfamil-ProSobee-Plant-Based-Powder-Baby-Formula-Dairy-Free-Lactose-Free-20-9-oz-Can/13361900211?classType=REGULAR","final_price":77.76,"sku":"13361900211","currency":"USD","gtin":"468916500746","specifications":[{"name":"Age Group","value":"Infant"},{"name"
[Poll 65] status_code=200 status= msg={"url":"https://www.walmart.com/ip/2-pack-Enfamil-ProSobee-Plant-Based-Powder-Baby-Formula-Dairy-Free-Lactose-Free-20-9-oz-Can/13361900211?classType=REGULAR","final_price":77.76,"sku":"13361900211","currency":"USD","gtin":"468916500746","specifications":[{"name":"Age Group","value":"Infant"},{"name"
[Poll 66] status_code=200 status= msg={"url":"https://www.walmart.com/ip/2-pack-Enfamil-ProSobee-Plant-Based-Powder-Baby-Formula-Dairy-Free-Lactose-Free-20-9-oz-Can/13361900211?classType=REGULAR","final_price":77.76,"sku":"13361900211","currency":"USD","gtin":"468916500746","specifications":[{"name":"Age Group","value":"Infant"},{"name"
[Poll 67] status_code=200 status= msg={"url":"https://www.walmart.com/ip/2-pack-Enfamil-ProSobee-Plant-Based-Powder-Baby-Formula-Dairy-Free-Lactose-Free-20-9-oz-Can/13361900211?classType=REGULAR","final_price":77.76,"sku":"13361900211","currency":"USD","gtin":"468916500746","specifications":[{"name":"Age Group","value":"Infant"},{"name"
[Poll 68] status_code=200 status= msg={"url":"https://www.walmart.com/ip/2-pack-Enfamil-ProSobee-Plant-Based-Powder-Baby-Formula-Dairy-Free-Lactose-Free-20-9-oz-Can/13361900211?classType=REGULAR","final_price":77.76,"sku":"13361900211","currency":"USD","gtin":"468916500746","specifications":[{"name":"Age Group","value":"Infant"},{"name"
[Poll 69] status_code=200 status= msg={"url":"https://www.walmart.com/ip/2-pack-Enfamil-ProSobee-Plant-Based-Powder-Baby-Formula-Dairy-Free-Lactose-Free-20-9-oz-Can/13361900211?classType=REGULAR","final_price":77.76,"sku":"13361900211","currency":"USD","gtin":"468916500746","specifications":[{"name":"Age Group","value":"Infant"},{"name"
[Poll 70] status_code=200 status= msg={"url":"https://www.walmart.com/ip/2-pack-Enfamil-ProSobee-Plant-Based-Powder-Baby-Formula-Dairy-Free-Lactose-Free-20-9-oz-Can/13361900211?classType=REGULAR","final_price":77.76,"sku":"13361900211","currency":"USD","gtin":"468916500746","specifications":[{"name":"Age Group","value":"Infant"},{"name"
[Poll 71] status_code=200 status= msg={"url":"https://www.walmart.com/ip/2-pack-Enfamil-ProSobee-Plant-Based-Powder-Baby-Formula-Dairy-Free-Lactose-Free-20-9-oz-Can/13361900211?classType=REGULAR","final_price":77.76,"sku":"13361900211","currency":"USD","gtin":"468916500746","specifications":[{"name":"Age Group","value":"Infant"},{"name"
[Poll 72] status_code=200 status= msg={"url":"https://www.walmart.com/ip/2-pack-Enfamil-ProSobee-Plant-Based-Powder-Baby-Formula-Dairy-Free-Lactose-Free-20-9-oz-Can/13361900211?classType=REGULAR","final_price":77.76,"sku":"13361900211","currency":"USD","gtin":"468916500746","specifications":[{"name":"Age Group","value":"Infant"},{"name"
[Poll 73] status_code=200 status= msg={"url":"https://www.walmart.com/ip/2-pack-Enfamil-ProSobee-Plant-Based-Powder-Baby-Formula-Dairy-Free-Lactose-Free-20-9-oz-Can/13361900211?classType=REGULAR","final_price":77.76,"sku":"13361900211","currency":"USD","gtin":"468916500746","specifications":[{"name":"Age Group","value":"Infant"},{"name"
[Poll 74] status_code=200 status= msg={"url":"https://www.walmart.com/ip/2-pack-Enfamil-ProSobee-Plant-Based-Powder-Baby-Formula-Dairy-Free-Lactose-Free-20-9-oz-Can/13361900211?classType=REGULAR","final_price":77.76,"sku":"13361900211","currency":"USD","gtin":"468916500746","specifications":[{"name":"Age Group","value":"Infant"},{"name"
[Poll 75] status_code=200 status= msg={"url":"https://www.walmart.com/ip/2-pack-Enfamil-ProSobee-Plant-Based-Powder-Baby-Formula-Dairy-Free-Lactose-Free-20-9-oz-Can/13361900211?classType=REGULAR","final_price":77.76,"sku":"13361900211","currency":"USD","gtin":"468916500746","specifications":[{"name":"Age Group","value":"Infant"},{"name"
[Poll 76] status_code=200 status= msg={"url":"https://www.walmart.com/ip/2-pack-Enfamil-ProSobee-Plant-Based-Powder-Baby-Formula-Dairy-Free-Lactose-Free-20-9-oz-Can/13361900211?classType=REGULAR","final_price":77.76,"sku":"13361900211","currency":"USD","gtin":"468916500746","specifications":[{"name":"Age Group","value":"Infant"},{"name"
[Poll 77] status_code=200 status= msg={"url":"https://www.walmart.com/ip/2-pack-Enfamil-ProSobee-Plant-Based-Powder-Baby-Formula-Dairy-Free-Lactose-Free-20-9-oz-Can/13361900211?classType=REGULAR","final_price":77.76,"sku":"13361900211","currency":"USD","gtin":"468916500746","specifications":[{"name":"Age Group","value":"Infant"},{"name"
[Poll 78] status_code=200 status= msg={"url":"https://www.walmart.com/ip/2-pack-Enfamil-ProSobee-Plant-Based-Powder-Baby-Formula-Dairy-Free-Lactose-Free-20-9-oz-Can/13361900211?classType=REGULAR","final_price":77.76,"sku":"13361900211","currency":"USD","gtin":"468916500746","specifications":[{"name":"Age Group","value":"Infant"},{"name"
[Poll 79] status_code=200 status= msg={"url":"https://www.walmart.com/ip/2-pack-Enfamil-ProSobee-Plant-Based-Powder-Baby-Formula-Dairy-Free-Lactose-Free-20-9-oz-Can/13361900211?classType=REGULAR","final_price":77.76,"sku":"13361900211","currency":"USD","gtin":"468916500746","specifications":[{"name":"Age Group","value":"Infant"},{"name"
[Poll 80] status_code=200 status= msg={"url":"https://www.walmart.com/ip/2-pack-Enfamil-ProSobee-Plant-Based-Powder-Baby-Formula-Dairy-Free-Lactose-Free-20-9-oz-Can/13361900211?classType=REGULAR","final_price":77.76,"sku":"13361900211","currency":"USD","gtin":"468916500746","specifications":[{"name":"Age Group","value":"Infant"},{"name"
[Poll 81] status_code=200 status= msg={"url":"https://www.walmart.com/ip/2-pack-Enfamil-ProSobee-Plant-Based-Powder-Baby-Formula-Dairy-Free-Lactose-Free-20-9-oz-Can/13361900211?classType=REGULAR","final_price":77.76,"sku":"13361900211","currency":"USD","gtin":"468916500746","specifications":[{"name":"Age Group","value":"Infant"},{"name"
[Poll 82] status_code=200 status= msg={"url":"https://www.walmart.com/ip/2-pack-Enfamil-ProSobee-Plant-Based-Powder-Baby-Formula-Dairy-Free-Lactose-Free-20-9-oz-Can/13361900211?classType=REGULAR","final_price":77.76,"sku":"13361900211","currency":"USD","gtin":"468916500746","specifications":[{"name":"Age Group","value":"Infant"},{"name"
[Poll 83] status_code=200 status= msg={"url":"https://www.walmart.com/ip/2-pack-Enfamil-ProSobee-Plant-Based-Powder-Baby-Formula-Dairy-Free-Lactose-Free-20-9-oz-Can/13361900211?classType=REGULAR","final_price":77.76,"sku":"13361900211","currency":"USD","gtin":"468916500746","specifications":[{"name":"Age Group","value":"Infant"},{"name"
[Poll 84] status_code=200 status= msg={"url":"https://www.walmart.com/ip/2-pack-Enfamil-ProSobee-Plant-Based-Powder-Baby-Formula-Dairy-Free-Lactose-Free-20-9-oz-Can/13361900211?classType=REGULAR","final_price":77.76,"sku":"13361900211","currency":"USD","gtin":"468916500746","specifications":[{"name":"Age Group","value":"Infant"},{"name"
[Poll 85] status_code=200 status= msg={"url":"https://www.walmart.com/ip/2-pack-Enfamil-ProSobee-Plant-Based-Powder-Baby-Formula-Dairy-Free-Lactose-Free-20-9-oz-Can/13361900211?classType=REGULAR","final_price":77.76,"sku":"13361900211","currency":"USD","gtin":"468916500746","specifications":[{"name":"Age Group","value":"Infant"},{"name"
[Poll 86] status_code=200 status= msg={"url":"https://www.walmart.com/ip/2-pack-Enfamil-ProSobee-Plant-Based-Powder-Baby-Formula-Dairy-Free-Lactose-Free-20-9-oz-Can/13361900211?classType=REGULAR","final_price":77.76,"sku":"13361900211","currency":"USD","gtin":"468916500746","specifications":[{"name":"Age Group","value":"Infant"},{"name"
[Poll 87] status_code=200 status= msg={"url":"https://www.walmart.com/ip/2-pack-Enfamil-ProSobee-Plant-Based-Powder-Baby-Formula-Dairy-Free-Lactose-Free-20-9-oz-Can/13361900211?classType=REGULAR","final_price":77.76,"sku":"13361900211","currency":"USD","gtin":"468916500746","specifications":[{"name":"Age Group","value":"Infant"},{"name"
[Poll 88] status_code=200 status= msg={"url":"https://www.walmart.com/ip/2-pack-Enfamil-ProSobee-Plant-Based-Powder-Baby-Formula-Dairy-Free-Lactose-Free-20-9-oz-Can/13361900211?classType=REGULAR","final_price":77.76,"sku":"13361900211","currency":"USD","gtin":"468916500746","specifications":[{"name":"Age Group","value":"Infant"},{"name"
[Poll 89] status_code=200 status= msg={"url":"https://www.walmart.com/ip/2-pack-Enfamil-ProSobee-Plant-Based-Powder-Baby-Formula-Dairy-Free-Lactose-Free-20-9-oz-Can/13361900211?classType=REGULAR","final_price":77.76,"sku":"13361900211","currency":"USD","gtin":"468916500746","specifications":[{"name":"Age Group","value":"Infant"},{"name"
[Poll 90] status_code=200 status= msg={"url":"https://www.walmart.com/ip/2-pack-Enfamil-ProSobee-Plant-Based-Powder-Baby-Formula-Dairy-Free-Lactose-Free-20-9-oz-Can/13361900211?classType=REGULAR","final_price":77.76,"sku":"13361900211","currency":"USD","gtin":"468916500746","specifications":[{"name":"Age Group","value":"Infant"},{"name"
[Poll 91] status_code=200 status= msg={"url":"https://www.walmart.com/ip/2-pack-Enfamil-ProSobee-Plant-Based-Powder-Baby-Formula-Dairy-Free-Lactose-Free-20-9-oz-Can/13361900211?classType=REGULAR","final_price":77.76,"sku":"13361900211","currency":"USD","gtin":"468916500746","specifications":[{"name":"Age Group","value":"Infant"},{"name"
[Poll 92] status_code=200 status= msg={"url":"https://www.walmart.com/ip/2-pack-Enfamil-ProSobee-Plant-Based-Powder-Baby-Formula-Dairy-Free-Lactose-Free-20-9-oz-Can/13361900211?classType=REGULAR","final_price":77.76,"sku":"13361900211","currency":"USD","gtin":"468916500746","specifications":[{"name":"Age Group","value":"Infant"},{"name"
[Poll 93] status_code=200 status= msg={"url":"https://www.walmart.com/ip/2-pack-Enfamil-ProSobee-Plant-Based-Powder-Baby-Formula-Dairy-Free-Lactose-Free-20-9-oz-Can/13361900211?classType=REGULAR","final_price":77.76,"sku":"13361900211","currency":"USD","gtin":"468916500746","specifications":[{"name":"Age Group","value":"Infant"},{"name"
[Poll 94] status_code=200 status= msg={"url":"https://www.walmart.com/ip/2-pack-Enfamil-ProSobee-Plant-Based-Powder-Baby-Formula-Dairy-Free-Lactose-Free-20-9-oz-Can/13361900211?classType=REGULAR","final_price":77.76,"sku":"13361900211","currency":"USD","gtin":"468916500746","specifications":[{"name":"Age Group","value":"Infant"},{"name"
[Poll 95] status_code=200 status= msg={"url":"https://www.walmart.com/ip/2-pack-Enfamil-ProSobee-Plant-Based-Powder-Baby-Formula-Dairy-Free-Lactose-Free-20-9-oz-Can/13361900211?classType=REGULAR","final_price":77.76,"sku":"13361900211","currency":"USD","gtin":"468916500746","specifications":[{"name":"Age Group","value":"Infant"},{"name"
[Poll 96] status_code=200 status= msg={"url":"https://www.walmart.com/ip/2-pack-Enfamil-ProSobee-Plant-Based-Powder-Baby-Formula-Dairy-Free-Lactose-Free-20-9-oz-Can/13361900211?classType=REGULAR","final_price":77.76,"sku":"13361900211","currency":"USD","gtin":"468916500746","specifications":[{"name":"Age Group","value":"Infant"},{"name"
[Poll 97] status_code=200 status= msg={"url":"https://www.walmart.com/ip/2-pack-Enfamil-ProSobee-Plant-Based-Powder-Baby-Formula-Dairy-Free-Lactose-Free-20-9-oz-Can/13361900211?classType=REGULAR","final_price":77.76,"sku":"13361900211","currency":"USD","gtin":"468916500746","specifications":[{"name":"Age Group","value":"Infant"},{"name"
[Poll 98] status_code=200 status= msg={"url":"https://www.walmart.com/ip/2-pack-Enfamil-ProSobee-Plant-Based-Powder-Baby-Formula-Dairy-Free-Lactose-Free-20-9-oz-Can/13361900211?classType=REGULAR","final_price":77.76,"sku":"13361900211","currency":"USD","gtin":"468916500746","specifications":[{"name":"Age Group","value":"Infant"},{"name"
[Poll 99] status_code=200 status= msg={"url":"https://www.walmart.com/ip/2-pack-Enfamil-ProSobee-Plant-Based-Powder-Baby-Formula-Dairy-Free-Lactose-Free-20-9-oz-Can/13361900211?classType=REGULAR","final_price":77.76,"sku":"13361900211","currency":"USD","gtin":"468916500746","specifications":[{"name":"Age Group","value":"Infant"},{"name"
[Poll 100] status_code=200 status= msg={"url":"https://www.walmart.com/ip/2-pack-Enfamil-ProSobee-Plant-Based-Powder-Baby-Formula-Dairy-Free-Lactose-Free-20-9-oz-Can/13361900211?classType=REGULAR","final_price":77.76,"sku":"13361900211","currency":"USD","gtin":"468916500746","specifications":[{"name":"Age Group","value":"Infant"},{"name"
[Poll 101] status_code=200 status= msg={"url":"https://www.walmart.com/ip/2-pack-Enfamil-ProSobee-Plant-Based-Powder-Baby-Formula-Dairy-Free-Lactose-Free-20-9-oz-Can/13361900211?classType=REGULAR","final_price":77.76,"sku":"13361900211","currency":"USD","gtin":"468916500746","specifications":[{"name":"Age Group","value":"Infant"},{"name"
[Poll 102] status_code=200 status= msg={"url":"https://www.walmart.com/ip/2-pack-Enfamil-ProSobee-Plant-Based-Powder-Baby-Formula-Dairy-Free-Lactose-Free-20-9-oz-Can/13361900211?classType=REGULAR","final_price":77.76,"sku":"13361900211","currency":"USD","gtin":"468916500746","specifications":[{"name":"Age Group","value":"Infant"},{"name"
[Poll 103] status_code=200 status= msg={"url":"https://www.walmart.com/ip/2-pack-Enfamil-ProSobee-Plant-Based-Powder-Baby-Formula-Dairy-Free-Lactose-Free-20-9-oz-Can/13361900211?classType=REGULAR","final_price":77.76,"sku":"13361900211","currency":"USD","gtin":"468916500746","specifications":[{"name":"Age Group","value":"Infant"},{"name"
[Poll 104] status_code=200 status= msg={"url":"https://www.walmart.com/ip/2-pack-Enfamil-ProSobee-Plant-Based-Powder-Baby-Formula-Dairy-Free-Lactose-Free-20-9-oz-Can/13361900211?classType=REGULAR","final_price":77.76,"sku":"13361900211","currency":"USD","gtin":"468916500746","specifications":[{"name":"Age Group","value":"Infant"},{"name"
[Poll 105] status_code=200 status= msg={"url":"https://www.walmart.com/ip/2-pack-Enfamil-ProSobee-Plant-Based-Powder-Baby-Formula-Dairy-Free-Lactose-Free-20-9-oz-Can/13361900211?classType=REGULAR","final_price":77.76,"sku":"13361900211","currency":"USD","gtin":"468916500746","specifications":[{"name":"Age Group","value":"Infant"},{"name"
[Poll 106] status_code=200 status= msg={"url":"https://www.walmart.com/ip/2-pack-Enfamil-ProSobee-Plant-Based-Powder-Baby-Formula-Dairy-Free-Lactose-Free-20-9-oz-Can/13361900211?classType=REGULAR","final_price":77.76,"sku":"13361900211","currency":"USD","gtin":"468916500746","specifications":[{"name":"Age Group","value":"Infant"},{"name"
[Poll 107] status_code=200 status= msg={"url":"https://www.walmart.com/ip/2-pack-Enfamil-ProSobee-Plant-Based-Powder-Baby-Formula-Dairy-Free-Lactose-Free-20-9-oz-Can/13361900211?classType=REGULAR","final_price":77.76,"sku":"13361900211","currency":"USD","gtin":"468916500746","specifications":[{"name":"Age Group","value":"Infant"},{"name"
[Poll 108] status_code=200 status= msg={"url":"https://www.walmart.com/ip/2-pack-Enfamil-ProSobee-Plant-Based-Powder-Baby-Formula-Dairy-Free-Lactose-Free-20-9-oz-Can/13361900211?classType=REGULAR","final_price":77.76,"sku":"13361900211","currency":"USD","gtin":"468916500746","specifications":[{"name":"Age Group","value":"Infant"},{"name"
[Poll 109] status_code=200 status= msg={"url":"https://www.walmart.com/ip/2-pack-Enfamil-ProSobee-Plant-Based-Powder-Baby-Formula-Dairy-Free-Lactose-Free-20-9-oz-Can/13361900211?classType=REGULAR","final_price":77.76,"sku":"13361900211","currency":"USD","gtin":"468916500746","specifications":[{"name":"Age Group","value":"Infant"},{"name"
[Poll 110] status_code=200 status= msg={"url":"https://www.walmart.com/ip/2-pack-Enfamil-ProSobee-Plant-Based-Powder-Baby-Formula-Dairy-Free-Lactose-Free-20-9-oz-Can/13361900211?classType=REGULAR","final_price":77.76,"sku":"13361900211","currency":"USD","gtin":"468916500746","specifications":[{"name":"Age Group","value":"Infant"},{"name"
[Poll 111] status_code=200 status= msg={"url":"https://www.walmart.com/ip/2-pack-Enfamil-ProSobee-Plant-Based-Powder-Baby-Formula-Dairy-Free-Lactose-Free-20-9-oz-Can/13361900211?classType=REGULAR","final_price":77.76,"sku":"13361900211","currency":"USD","gtin":"468916500746","specifications":[{"name":"Age Group","value":"Infant"},{"name"
[Poll 112] status_code=200 status= msg={"url":"https://www.walmart.com/ip/2-pack-Enfamil-ProSobee-Plant-Based-Powder-Baby-Formula-Dairy-Free-Lactose-Free-20-9-oz-Can/13361900211?classType=REGULAR","final_price":77.76,"sku":"13361900211","currency":"USD","gtin":"468916500746","specifications":[{"name":"Age Group","value":"Infant"},{"name"
[Poll 113] status_code=200 status= msg={"url":"https://www.walmart.com/ip/2-pack-Enfamil-ProSobee-Plant-Based-Powder-Baby-Formula-Dairy-Free-Lactose-Free-20-9-oz-Can/13361900211?classType=REGULAR","final_price":77.76,"sku":"13361900211","currency":"USD","gtin":"468916500746","specifications":[{"name":"Age Group","value":"Infant"},{"name"
[Poll 114] status_code=200 status= msg={"url":"https://www.walmart.com/ip/2-pack-Enfamil-ProSobee-Plant-Based-Powder-Baby-Formula-Dairy-Free-Lactose-Free-20-9-oz-Can/13361900211?classType=REGULAR","final_price":77.76,"sku":"13361900211","currency":"USD","gtin":"468916500746","specifications":[{"name":"Age Group","value":"Infant"},{"name"
[Poll 115] status_code=200 status= msg={"url":"https://www.walmart.com/ip/2-pack-Enfamil-ProSobee-Plant-Based-Powder-Baby-Formula-Dairy-Free-Lactose-Free-20-9-oz-Can/13361900211?classType=REGULAR","final_price":77.76,"sku":"13361900211","currency":"USD","gtin":"468916500746","specifications":[{"name":"Age Group","value":"Infant"},{"name"
[Poll 116] status_code=200 status= msg={"url":"https://www.walmart.com/ip/2-pack-Enfamil-ProSobee-Plant-Based-Powder-Baby-Formula-Dairy-Free-Lactose-Free-20-9-oz-Can/13361900211?classType=REGULAR","final_price":77.76,"sku":"13361900211","currency":"USD","gtin":"468916500746","specifications":[{"name":"Age Group","value":"Infant"},{"name"
[Poll 117] status_code=200 status= msg={"url":"https://www.walmart.com/ip/2-pack-Enfamil-ProSobee-Plant-Based-Powder-Baby-Formula-Dairy-Free-Lactose-Free-20-9-oz-Can/13361900211?classType=REGULAR","final_price":77.76,"sku":"13361900211","currency":"USD","gtin":"468916500746","specifications":[{"name":"Age Group","value":"Infant"},{"name"
[Poll 118] status_code=200 status= msg={"url":"https://www.walmart.com/ip/2-pack-Enfamil-ProSobee-Plant-Based-Powder-Baby-Formula-Dairy-Free-Lactose-Free-20-9-oz-Can/13361900211?classType=REGULAR","final_price":77.76,"sku":"13361900211","currency":"USD","gtin":"468916500746","specifications":[{"name":"Age Group","value":"Infant"},{"name"
[Poll 119] status_code=200 status= msg={"url":"https://www.walmart.com/ip/2-pack-Enfamil-ProSobee-Plant-Based-Powder-Baby-Formula-Dairy-Free-Lactose-Free-20-9-oz-Can/13361900211?classType=REGULAR","final_price":77.76,"sku":"13361900211","currency":"USD","gtin":"468916500746","specifications":[{"name":"Age Group","value":"Infant"},{"name"
[Poll 120] status_code=200 status= msg={"url":"https://www.walmart.com/ip/2-pack-Enfamil-ProSobee-Plant-Based-Powder-Baby-Formula-Dairy-Free-Lactose-Free-20-9-oz-Can/13361900211?classType=REGULAR","final_price":77.76,"sku":"13361900211","currency":"USD","gtin":"468916500746","specifications":[{"name":"Age Group","value":"Infant"},{"name"
[Poll 121] status_code=200 status= msg={"url":"https://www.walmart.com/ip/2-pack-Enfamil-ProSobee-Plant-Based-Powder-Baby-Formula-Dairy-Free-Lactose-Free-20-9-oz-Can/13361900211?classType=REGULAR","final_price":77.76,"sku":"13361900211","currency":"USD","gtin":"468916500746","specifications":[{"name":"Age Group","value":"Infant"},{"name"
[Poll 122] status_code=200 status= msg={"url":"https://www.walmart.com/ip/2-pack-Enfamil-ProSobee-Plant-Based-Powder-Baby-Formula-Dairy-Free-Lactose-Free-20-9-oz-Can/13361900211?classType=REGULAR","final_price":77.76,"sku":"13361900211","currency":"USD","gtin":"468916500746","specifications":[{"name":"Age Group","value":"Infant"},{"name"
[Poll 123] status_code=200 status= msg={"url":"https://www.walmart.com/ip/2-pack-Enfamil-ProSobee-Plant-Based-Powder-Baby-Formula-Dairy-Free-Lactose-Free-20-9-oz-Can/13361900211?classType=REGULAR","final_price":77.76,"sku":"13361900211","currency":"USD","gtin":"468916500746","specifications":[{"name":"Age Group","value":"Infant"},{"name"
[Poll 124] status_code=200 status= msg={"url":"https://www.walmart.com/ip/2-pack-Enfamil-ProSobee-Plant-Based-Powder-Baby-Formula-Dairy-Free-Lactose-Free-20-9-oz-Can/13361900211?classType=REGULAR","final_price":77.76,"sku":"13361900211","currency":"USD","gtin":"468916500746","specifications":[{"name":"Age Group","value":"Infant"},{"name"
[Poll 125] status_code=200 status= msg={"url":"https://www.walmart.com/ip/2-pack-Enfamil-ProSobee-Plant-Based-Powder-Baby-Formula-Dairy-Free-Lactose-Free-20-9-oz-Can/13361900211?classType=REGULAR","final_price":77.76,"sku":"13361900211","currency":"USD","gtin":"468916500746","specifications":[{"name":"Age Group","value":"Infant"},{"name"
[Poll 126] status_code=200 status= msg={"url":"https://www.walmart.com/ip/2-pack-Enfamil-ProSobee-Plant-Based-Powder-Baby-Formula-Dairy-Free-Lactose-Free-20-9-oz-Can/13361900211?classType=REGULAR","final_price":77.76,"sku":"13361900211","currency":"USD","gtin":"468916500746","specifications":[{"name":"Age Group","value":"Infant"},{"name"
[Poll 127] status_code=200 status= msg={"url":"https://www.walmart.com/ip/2-pack-Enfamil-ProSobee-Plant-Based-Powder-Baby-Formula-Dairy-Free-Lactose-Free-20-9-oz-Can/13361900211?classType=REGULAR","final_price":77.76,"sku":"13361900211","currency":"USD","gtin":"468916500746","specifications":[{"name":"Age Group","value":"Infant"},{"name"
[Poll 128] status_code=200 status= msg={"url":"https://www.walmart.com/ip/2-pack-Enfamil-ProSobee-Plant-Based-Powder-Baby-Formula-Dairy-Free-Lactose-Free-20-9-oz-Can/13361900211?classType=REGULAR","final_price":77.76,"sku":"13361900211","currency":"USD","gtin":"468916500746","specifications":[{"name":"Age Group","value":"Infant"},{"name"
[Poll 129] status_code=200 status= msg={"url":"https://www.walmart.com/ip/2-pack-Enfamil-ProSobee-Plant-Based-Powder-Baby-Formula-Dairy-Free-Lactose-Free-20-9-oz-Can/13361900211?classType=REGULAR","final_price":77.76,"sku":"13361900211","currency":"USD","gtin":"468916500746","specifications":[{"name":"Age Group","value":"Infant"},{"name"
[Poll 130] status_code=200 status= msg={"url":"https://www.walmart.com/ip/2-pack-Enfamil-ProSobee-Plant-Based-Powder-Baby-Formula-Dairy-Free-Lactose-Free-20-9-oz-Can/13361900211?classType=REGULAR","final_price":77.76,"sku":"13361900211","currency":"USD","gtin":"468916500746","specifications":[{"name":"Age Group","value":"Infant"},{"name"
[Poll 131] status_code=200 status= msg={"url":"https://www.walmart.com/ip/2-pack-Enfamil-ProSobee-Plant-Based-Powder-Baby-Formula-Dairy-Free-Lactose-Free-20-9-oz-Can/13361900211?classType=REGULAR","final_price":77.76,"sku":"13361900211","currency":"USD","gtin":"468916500746","specifications":[{"name":"Age Group","value":"Infant"},{"name"
[Poll 132] status_code=200 status= msg={"url":"https://www.walmart.com/ip/2-pack-Enfamil-ProSobee-Plant-Based-Powder-Baby-Formula-Dairy-Free-Lactose-Free-20-9-oz-Can/13361900211?classType=REGULAR","final_price":77.76,"sku":"13361900211","currency":"USD","gtin":"468916500746","specifications":[{"name":"Age Group","value":"Infant"},{"name"
[Poll 133] status_code=200 status= msg={"url":"https://www.walmart.com/ip/2-pack-Enfamil-ProSobee-Plant-Based-Powder-Baby-Formula-Dairy-Free-Lactose-Free-20-9-oz-Can/13361900211?classType=REGULAR","final_price":77.76,"sku":"13361900211","currency":"USD","gtin":"468916500746","specifications":[{"name":"Age Group","value":"Infant"},{"name"
[Poll 134] status_code=200 status= msg={"url":"https://www.walmart.com/ip/2-pack-Enfamil-ProSobee-Plant-Based-Powder-Baby-Formula-Dairy-Free-Lactose-Free-20-9-oz-Can/13361900211?classType=REGULAR","final_price":77.76,"sku":"13361900211","currency":"USD","gtin":"468916500746","specifications":[{"name":"Age Group","value":"Infant"},{"name"
[Poll 135] status_code=200 status= msg={"url":"https://www.walmart.com/ip/2-pack-Enfamil-ProSobee-Plant-Based-Powder-Baby-Formula-Dairy-Free-Lactose-Free-20-9-oz-Can/13361900211?classType=REGULAR","final_price":77.76,"sku":"13361900211","currency":"USD","gtin":"468916500746","specifications":[{"name":"Age Group","value":"Infant"},{"name"
[Poll 136] status_code=200 status= msg={"url":"https://www.walmart.com/ip/2-pack-Enfamil-ProSobee-Plant-Based-Powder-Baby-Formula-Dairy-Free-Lactose-Free-20-9-oz-Can/13361900211?classType=REGULAR","final_price":77.76,"sku":"13361900211","currency":"USD","gtin":"468916500746","specifications":[{"name":"Age Group","value":"Infant"},{"name"
[Poll 137] status_code=200 status= msg={"url":"https://www.walmart.com/ip/2-pack-Enfamil-ProSobee-Plant-Based-Powder-Baby-Formula-Dairy-Free-Lactose-Free-20-9-oz-Can/13361900211?classType=REGULAR","final_price":77.76,"sku":"13361900211","currency":"USD","gtin":"468916500746","specifications":[{"name":"Age Group","value":"Infant"},{"name"
[Poll 138] status_code=200 status= msg={"url":"https://www.walmart.com/ip/2-pack-Enfamil-ProSobee-Plant-Based-Powder-Baby-Formula-Dairy-Free-Lactose-Free-20-9-oz-Can/13361900211?classType=REGULAR","final_price":77.76,"sku":"13361900211","currency":"USD","gtin":"468916500746","specifications":[{"name":"Age Group","value":"Infant"},{"name"
[Poll 139] status_code=200 status= msg={"url":"https://www.walmart.com/ip/2-pack-Enfamil-ProSobee-Plant-Based-Powder-Baby-Formula-Dairy-Free-Lactose-Free-20-9-oz-Can/13361900211?classType=REGULAR","final_price":77.76,"sku":"13361900211","currency":"USD","gtin":"468916500746","specifications":[{"name":"Age Group","value":"Infant"},{"name"
[Poll 140] status_code=200 status= msg={"url":"https://www.walmart.com/ip/2-pack-Enfamil-ProSobee-Plant-Based-Powder-Baby-Formula-Dairy-Free-Lactose-Free-20-9-oz-Can/13361900211?classType=REGULAR","final_price":77.76,"sku":"13361900211","currency":"USD","gtin":"468916500746","specifications":[{"name":"Age Group","value":"Infant"},{"name"
[Poll 141] status_code=200 status= msg={"url":"https://www.walmart.com/ip/2-pack-Enfamil-ProSobee-Plant-Based-Powder-Baby-Formula-Dairy-Free-Lactose-Free-20-9-oz-Can/13361900211?classType=REGULAR","final_price":77.76,"sku":"13361900211","currency":"USD","gtin":"468916500746","specifications":[{"name":"Age Group","value":"Infant"},{"name"
[Poll 142] status_code=200 status= msg={"url":"https://www.walmart.com/ip/2-pack-Enfamil-ProSobee-Plant-Based-Powder-Baby-Formula-Dairy-Free-Lactose-Free-20-9-oz-Can/13361900211?classType=REGULAR","final_price":77.76,"sku":"13361900211","currency":"USD","gtin":"468916500746","specifications":[{"name":"Age Group","value":"Infant"},{"name"
[Poll 143] status_code=200 status= msg={"url":"https://www.walmart.com/ip/2-pack-Enfamil-ProSobee-Plant-Based-Powder-Baby-Formula-Dairy-Free-Lactose-Free-20-9-oz-Can/13361900211?classType=REGULAR","final_price":77.76,"sku":"13361900211","currency":"USD","gtin":"468916500746","specifications":[{"name":"Age Group","value":"Infant"},{"name"
[Poll 144] status_code=200 status= msg={"url":"https://www.walmart.com/ip/2-pack-Enfamil-ProSobee-Plant-Based-Powder-Baby-Formula-Dairy-Free-Lactose-Free-20-9-oz-Can/13361900211?classType=REGULAR","final_price":77.76,"sku":"13361900211","currency":"USD","gtin":"468916500746","specifications":[{"name":"Age Group","value":"Infant"},{"name"
[Poll 145] status_code=200 status= msg={"url":"https://www.walmart.com/ip/2-pack-Enfamil-ProSobee-Plant-Based-Powder-Baby-Formula-Dairy-Free-Lactose-Free-20-9-oz-Can/13361900211?classType=REGULAR","final_price":77.76,"sku":"13361900211","currency":"USD","gtin":"468916500746","specifications":[{"name":"Age Group","value":"Infant"},{"name"
[Poll 146] status_code=200 status= msg={"url":"https://www.walmart.com/ip/2-pack-Enfamil-ProSobee-Plant-Based-Powder-Baby-Formula-Dairy-Free-Lactose-Free-20-9-oz-Can/13361900211?classType=REGULAR","final_price":77.76,"sku":"13361900211","currency":"USD","gtin":"468916500746","specifications":[{"name":"Age Group","value":"Infant"},{"name"
[Poll 147] status_code=200 status= msg={"url":"https://www.walmart.com/ip/2-pack-Enfamil-ProSobee-Plant-Based-Powder-Baby-Formula-Dairy-Free-Lactose-Free-20-9-oz-Can/13361900211?classType=REGULAR","final_price":77.76,"sku":"13361900211","currency":"USD","gtin":"468916500746","specifications":[{"name":"Age Group","value":"Infant"},{"name"
[Poll 148] status_code=200 status= msg={"url":"https://www.walmart.com/ip/2-pack-Enfamil-ProSobee-Plant-Based-Powder-Baby-Formula-Dairy-Free-Lactose-Free-20-9-oz-Can/13361900211?classType=REGULAR","final_price":77.76,"sku":"13361900211","currency":"USD","gtin":"468916500746","specifications":[{"name":"Age Group","value":"Infant"},{"name"
[Poll 149] status_code=200 status= msg={"url":"https://www.walmart.com/ip/2-pack-Enfamil-ProSobee-Plant-Based-Powder-Baby-Formula-Dairy-Free-Lactose-Free-20-9-oz-Can/13361900211?classType=REGULAR","final_price":77.76,"sku":"13361900211","currency":"USD","gtin":"468916500746","specifications":[{"name":"Age Group","value":"Infant"},{"name"
[Poll 150] status_code=200 status= msg={"url":"https://www.walmart.com/ip/2-pack-Enfamil-ProSobee-Plant-Based-Powder-Baby-Formula-Dairy-Free-Lactose-Free-20-9-oz-Can/13361900211?classType=REGULAR","final_price":77.76,"sku":"13361900211","currency":"USD","gtin":"468916500746","specifications":[{"name":"Age Group","value":"Infant"},{"name"
[Poll 151] status_code=200 status= msg={"url":"https://www.walmart.com/ip/2-pack-Enfamil-ProSobee-Plant-Based-Powder-Baby-Formula-Dairy-Free-Lactose-Free-20-9-oz-Can/13361900211?classType=REGULAR","final_price":77.76,"sku":"13361900211","currency":"USD","gtin":"468916500746","specifications":[{"name":"Age Group","value":"Infant"},{"name"
[Poll 152] status_code=200 status= msg={"url":"https://www.walmart.com/ip/2-pack-Enfamil-ProSobee-Plant-Based-Powder-Baby-Formula-Dairy-Free-Lactose-Free-20-9-oz-Can/13361900211?classType=REGULAR","final_price":77.76,"sku":"13361900211","currency":"USD","gtin":"468916500746","specifications":[{"name":"Age Group","value":"Infant"},{"name"
[Poll 153] status_code=200 status= msg={"url":"https://www.walmart.com/ip/2-pack-Enfamil-ProSobee-Plant-Based-Powder-Baby-Formula-Dairy-Free-Lactose-Free-20-9-oz-Can/13361900211?classType=REGULAR","final_price":77.76,"sku":"13361900211","currency":"USD","gtin":"468916500746","specifications":[{"name":"Age Group","value":"Infant"},{"name"
[Poll 154] status_code=200 status= msg={"url":"https://www.walmart.com/ip/2-pack-Enfamil-ProSobee-Plant-Based-Powder-Baby-Formula-Dairy-Free-Lactose-Free-20-9-oz-Can/13361900211?classType=REGULAR","final_price":77.76,"sku":"13361900211","currency":"USD","gtin":"468916500746","specifications":[{"name":"Age Group","value":"Infant"},{"name"
[Poll 155] status_code=200 status= msg={"url":"https://www.walmart.com/ip/2-pack-Enfamil-ProSobee-Plant-Based-Powder-Baby-Formula-Dairy-Free-Lactose-Free-20-9-oz-Can/13361900211?classType=REGULAR","final_price":77.76,"sku":"13361900211","currency":"USD","gtin":"468916500746","specifications":[{"name":"Age Group","value":"Infant"},{"name"
[Poll 156] status_code=200 status= msg={"url":"https://www.walmart.com/ip/2-pack-Enfamil-ProSobee-Plant-Based-Powder-Baby-Formula-Dairy-Free-Lactose-Free-20-9-oz-Can/13361900211?classType=REGULAR","final_price":77.76,"sku":"13361900211","currency":"USD","gtin":"468916500746","specifications":[{"name":"Age Group","value":"Infant"},{"name"
[Poll 157] status_code=200 status= msg={"url":"https://www.walmart.com/ip/2-pack-Enfamil-ProSobee-Plant-Based-Powder-Baby-Formula-Dairy-Free-Lactose-Free-20-9-oz-Can/13361900211?classType=REGULAR","final_price":77.76,"sku":"13361900211","currency":"USD","gtin":"468916500746","specifications":[{"name":"Age Group","value":"Infant"},{"name"
[Poll 158] status_code=200 status= msg={"url":"https://www.walmart.com/ip/2-pack-Enfamil-ProSobee-Plant-Based-Powder-Baby-Formula-Dairy-Free-Lactose-Free-20-9-oz-Can/13361900211?classType=REGULAR","final_price":77.76,"sku":"13361900211","currency":"USD","gtin":"468916500746","specifications":[{"name":"Age Group","value":"Infant"},{"name"
Timeout: snapshot did not become ready within the polling window.
[2025-10-27 08:11:09] ERROR:  SystemExit: 1
Run `reticulate::py_last_error()` for details.
[2025-10-27 08:11:09]   py$type:   SystemExit
[2025-10-27 08:11:09]   py$value:  1
See log for full Python traceback: G:/.shortcut-targets-by-id/10hwxlrEnEox7VqS6tvo44Q8rX59qZcSg/Drones_MV/GITHUB/ISER/MJones/FOOD_SECURITY/FOOD_PRICING/DATA_PULL_SCRIPTS/Scraping_Logs/WM_20251027.log
   ✖ WM — 90m 17s
  |                                                                              |======================================================================| 100%
Error: 
One or more pulls failed. Check logs in: G:/.shortcut-targets-by-id/10hwxlrEnEox7VqS6tvo44Q8rX59qZcSg/Drones_MV/GITHUB/ISER/MJones/FOOD_SECURITY/FOOD_PRICING/DATA_PULL_SCRIPTS/Scraping_Logs
Execution halted

