[2025-12-17 14:12:41] START: C:\Users\vlcollier\GITHUB_PUSH\Alaska_Food\DATA_PULL_SCRIPTS\WM\WM_PULL_CURRENT.py
[2025-12-17 14:12:42] ERROR: exception while running script.
[2025-12-17 14:12:42] PY_TRACEBACK:
Traceback (most recent call last):
  File "C:\Users\vlcollier\GITHUB_PUSH\Alaska_Food\DATA_PULL_SCRIPTS\central_food_pull.py", line 247, in run_python_file
    extra_env = extra_env or {}
        ^^^^^^^^^^^^^^^^^^^^^^^^
  File "<frozen runpy>", line 287, in run_path
  File "<frozen runpy>", line 98, in _run_module_code
  File "<frozen runpy>", line 88, in _run_code
  File "C:\Users\vlcollier\GITHUB_PUSH\Alaska_Food\DATA_PULL_SCRIPTS\WM\WM_PULL_CURRENT.py", line 770, in <module>
    main()
  File "C:\Users\vlcollier\GITHUB_PUSH\Alaska_Food\DATA_PULL_SCRIPTS\WM\WM_PULL_CURRENT.py", line 759, in main
    run_pipeline(
  File "C:\Users\vlcollier\GITHUB_PUSH\Alaska_Food\DATA_PULL_SCRIPTS\WM\WM_PULL_CURRENT.py", line 671, in run_pipeline
    snapshot_id = trigger_snapshot(input_csv_path)
                  ^^^^^^^^^^^^^^^^^^^^^^^^^^^^^^^^
  File "C:\Users\vlcollier\GITHUB_PUSH\Alaska_Food\DATA_PULL_SCRIPTS\WM\WM_PULL_CURRENT.py", line 289, in trigger_snapshot
    r.raise_for_status()
  File "C:\Users\vlcollier\.venvs\FP_env\Lib\site-packages\requests\models.py", line 1026, in raise_for_status
    raise HTTPError(http_error_msg, response=self)
requests.exceptions.HTTPError: 403 Client Error: Forbidden for url: https://api.wm.com/datasets/v3/trigger?dataset_id=gd_m693oc1r1gebnayxq&include_errors=true&type=run

[2025-12-17 14:26:39] START: C:\Users\vlcollier\GITHUB_PUSH\Alaska_Food\DATA_PULL_SCRIPTS\WM\WM_PULL_CURRENT.py
[2025-12-17 14:26:40] ERROR: exception while running script.
[2025-12-17 14:26:40] PY_TRACEBACK:
Traceback (most recent call last):
  File "C:\Users\vlcollier\GITHUB_PUSH\Alaska_Food\DATA_PULL_SCRIPTS\central_food_pull.py", line 256, in run_python_file
    runpy.run_path(py_file, run_name="__main__")
  File "<frozen runpy>", line 287, in run_path
  File "<frozen runpy>", line 98, in _run_module_code
  File "<frozen runpy>", line 88, in _run_code
  File "C:\Users\vlcollier\GITHUB_PUSH\Alaska_Food\DATA_PULL_SCRIPTS\WM\WM_PULL_CURRENT.py", line 770, in <module>
    main()
  File "C:\Users\vlcollier\GITHUB_PUSH\Alaska_Food\DATA_PULL_SCRIPTS\WM\WM_PULL_CURRENT.py", line 759, in main
    run_pipeline(
  File "C:\Users\vlcollier\GITHUB_PUSH\Alaska_Food\DATA_PULL_SCRIPTS\WM\WM_PULL_CURRENT.py", line 671, in run_pipeline
    snapshot_id = trigger_snapshot(input_csv_path)
                  ^^^^^^^^^^^^^^^^^^^^^^^^^^^^^^^^
  File "C:\Users\vlcollier\GITHUB_PUSH\Alaska_Food\DATA_PULL_SCRIPTS\WM\WM_PULL_CURRENT.py", line 289, in trigger_snapshot
    r.raise_for_status()
  File "C:\Users\vlcollier\.venvs\FP_env\Lib\site-packages\requests\models.py", line 1026, in raise_for_status
    raise HTTPError(http_error_msg, response=self)
requests.exceptions.HTTPError: 403 Client Error: Forbidden for url: https://api.wm.com/datasets/v3/trigger?dataset_id=gd_m693oc1r1gebnayxq&include_errors=true&type=run

